nohup: ignoring input

> my-notes@3.29.0 develop
> npm run __prepare-folder-develop && npm run __develop-core


> my-notes@3.29.0 __prepare-folder-develop
> npm run __prepare-folder && cp -R public/integration dist && node --import ./register.js ./env/set-client-id.ts dist/manifest.json


> my-notes@3.29.0 __prepare-folder
> rimraf dist && copyfiles LICENSE manifest.json dist && copyup public/images/icon128.png public/* dist && cp -R public/themes dist


node:internal/modules/run_main:107
    triggerUncaughtException(
    ^
Error [ERR_MODULE_NOT_FOUND]: Cannot find package 'ts-node' imported from /storage/emulated/0/Documents/myblog/content/posts/my-notes/build.ts
    at Object.getPackageJSONURL (node:internal/modules/package_json_reader:301:9)
    at packageResolve (node:internal/modules/esm/resolve:768:81)
    at moduleResolve (node:internal/modules/esm/resolve:859:18)
    at defaultResolve (node:internal/modules/esm/resolve:992:11)
    at nextResolve (node:internal/modules/esm/hooks:769:28)
    at AsyncLoaderHooksOnLoaderHookWorker.resolve (node:internal/modules/esm/hooks:265:30)
    at #resolve (node:internal/modules/esm/loader:683:37)
    at ModuleLoader.getOrCreateModuleJob (node:internal/modules/esm/loader:606:35)
    at onImport.tracePromise.__proto__ (node:internal/modules/esm/loader:635:32)
    at TracingChannel.tracePromise (node:diagnostics_channel:539:22) {
  code: 'ERR_MODULE_NOT_FOUND'
}

Node.js v26.3.1
